[2026-02-23T15:17:03.394Z] Body: {"title":"২৫টি পরিবারের পাশে “মধ্য আলীয়ারা যুব কল্যান সংগঠন ও প্রবাসী ঐক্য পরিষদ”","amount":32200,"category":"ইফতার সামগ্রী বিতরণ","date":"2026-02-22","description":"বিতরণকৃত সামগ্রীর মধ্যে ছিল:\n১. ছোলা বুট - ১কেজি\n২. খেসারি ডাল - ১কেজি\n৩. সয়াবিন তেল - ১কেজি\n৪. চিনি - ১কেজি\n৫. বেসন - ১কেজি\n৬. মুড়ি - ২কেজি\n৭. টাং - ২০০গ্রাম\n৮. খেজুর - ১কেজি\n৯. সেমাই -২ প্যাকেট সহ প্রয়োজনীয় অন্যান্য খাদ্যসামগ্রী।","numberGiven":25,"amountPerPerson":1288,"location":"Aliara"} | Error: TypeError: next is not a function
    at model.<anonymous> (D:\Web App\Middle-Aliara-Youth-Welfare-Organization\.next\dev\server\chunks\[root-of-the-server]__b45f0056._.js:130:5)
    at Kareem.execPre (D:\Web App\Middle-Aliara-Youth-Welfare-Organization\node_modules\kareem\index.js:68:39)
    at process.processTicksAndRejections (node:internal/process/task_queues:105:5)
    at async model.$__save (D:\Web App\Middle-Aliara-Youth-Welfare-Organization\node_modules\mongoose\lib\model.js:371:5)
    at async model.save (D:\Web App\Middle-Aliara-Youth-Welfare-Organization\node_modules\mongoose\lib\model.js:614:5)
    at async D:\Web App\Middle-Aliara-Youth-Welfare-Organization\node_modules\mongoose\lib\model.js:2750:9
    at async Promise.all (index 0)
    at async Function.create (D:\Web App\Middle-Aliara-Youth-Welfare-Organization\node_modules\mongoose\lib\model.js:2735:11)
    at async POST (D:\Web App\Middle-Aliara-Youth-Welfare-Organization\.next\dev\server\chunks\[root-of-the-server]__12af207f._.js:286:25)
    at async AppRouteRouteModule.do (D:\Web App\Middle-Aliara-Youth-Welfare-Organization\node_modules\next\dist\compiled\next-server\app-route-turbo.runtime.dev.js:5:37866)
    at async AppRouteRouteModule.handle (D:\Web App\Middle-Aliara-Youth-Welfare-Organization\node_modules\next\dist\compiled\next-server\app-route-turbo.runtime.dev.js:5:45156)
    at async responseGenerator (D:\Web App\Middle-Aliara-Youth-Welfare-Organization\.next\dev\server\chunks\[root-of-the-server]__512bad9e._.js:15356:38)
    at async AppRouteRouteModule.handleResponse (D:\Web App\Middle-Aliara-Youth-Welfare-Organization\node_modules\next\dist\compiled\next-server\app-route-turbo.runtime.dev.js:1:191938)
    at async handleResponse (D:\Web App\Middle-Aliara-Youth-Welfare-Organization\.next\dev\server\chunks\[root-of-the-server]__512bad9e._.js:15419:32)
    at async Module.handler (D:\Web App\Middle-Aliara-Youth-Welfare-Organization\.next\dev\server\chunks\[root-of-the-server]__512bad9e._.js:15472:13)
    at async DevServer.renderToResponseWithComponentsImpl (D:\Web App\Middle-Aliara-Youth-Welfare-Organization\node_modules\next\dist\server\base-server.js:1442:9)
    at async DevServer.renderPageComponent (D:\Web App\Middle-Aliara-Youth-Welfare-Organization\node_modules\next\dist\server\base-server.js:1494:24)
    at async DevServer.renderToResponseImpl (D:\Web App\Middle-Aliara-Youth-Welfare-Organization\node_modules\next\dist\server\base-server.js:1544:32)
    at async DevServer.pipeImpl (D:\Web App\Middle-Aliara-Youth-Welfare-Organization\node_modules\next\dist\server\base-server.js:1038:25)
    at async NextNodeServer.handleCatchallRenderRequest (D:\Web App\Middle-Aliara-Youth-Welfare-Organization\node_modules\next\dist\server\next-server.js:395:17)
    at async DevServer.handleRequestImpl (D:\Web App\Middle-Aliara-Youth-Welfare-Organization\node_modules\next\dist\server\base-server.js:929:17)
    at async D:\Web App\Middle-Aliara-Youth-Welfare-Organization\node_modules\next\dist\server\dev\next-dev-server.js:387:20
    at async Span.traceAsyncFn (D:\Web App\Middle-Aliara-Youth-Welfare-Organization\node_modules\next\dist\trace\trace.js:157:20)
    at async DevServer.handleRequest (D:\Web App\Middle-Aliara-Youth-Welfare-Organization\node_modules\next\dist\server\dev\next-dev-server.js:383:24)
    at async invokeRender (D:\Web App\Middle-Aliara-Youth-Welfare-Organization\node_modules\next\dist\server\lib\router-server.js:248:21)
    at async handleRequest (D:\Web App\Middle-Aliara-Youth-Welfare-Organization\node_modules\next\dist\server\lib\router-server.js:447:24)
    at async requestHandlerImpl (D:\Web App\Middle-Aliara-Youth-Welfare-Organization\node_modules\next\dist\server\lib\router-server.js:496:13)
    at async Server.requestListener (D:\Web App\Middle-Aliara-Youth-Welfare-Organization\node_modules\next\dist\server\lib\start-server.js:226:13)
[2026-02-23T15:17:28.200Z] Body: {"title":"gfgfg","amount":200,"category":"dd","date":"2026-02-23","description":"ddd","numberGiven":2,"amountPerPerson":100,"location":"22"} | Error: TypeError: next is not a function
    at model.<anonymous> (D:\Web App\Middle-Aliara-Youth-Welfare-Organization\.next\dev\server\chunks\[root-of-the-server]__b45f0056._.js:130:5)
    at Kareem.execPre (D:\Web App\Middle-Aliara-Youth-Welfare-Organization\node_modules\kareem\index.js:68:39)
    at process.processTicksAndRejections (node:internal/process/task_queues:105:5)
    at async model.$__save (D:\Web App\Middle-Aliara-Youth-Welfare-Organization\node_modules\mongoose\lib\model.js:371:5)
    at async model.save (D:\Web App\Middle-Aliara-Youth-Welfare-Organization\node_modules\mongoose\lib\model.js:614:5)
    at async D:\Web App\Middle-Aliara-Youth-Welfare-Organization\node_modules\mongoose\lib\model.js:2750:9
    at async Promise.all (index 0)
    at async Function.create (D:\Web App\Middle-Aliara-Youth-Welfare-Organization\node_modules\mongoose\lib\model.js:2735:11)
    at async POST (D:\Web App\Middle-Aliara-Youth-Welfare-Organization\.next\dev\server\chunks\[root-of-the-server]__12af207f._.js:286:25)
    at async AppRouteRouteModule.do (D:\Web App\Middle-Aliara-Youth-Welfare-Organization\node_modules\next\dist\compiled\next-server\app-route-turbo.runtime.dev.js:5:37866)
    at async AppRouteRouteModule.handle (D:\Web App\Middle-Aliara-Youth-Welfare-Organization\node_modules\next\dist\compiled\next-server\app-route-turbo.runtime.dev.js:5:45156)
    at async responseGenerator (D:\Web App\Middle-Aliara-Youth-Welfare-Organization\.next\dev\server\chunks\[root-of-the-server]__512bad9e._.js:15356:38)
    at async AppRouteRouteModule.handleResponse (D:\Web App\Middle-Aliara-Youth-Welfare-Organization\node_modules\next\dist\compiled\next-server\app-route-turbo.runtime.dev.js:1:191938)
    at async handleResponse (D:\Web App\Middle-Aliara-Youth-Welfare-Organization\.next\dev\server\chunks\[root-of-the-server]__512bad9e._.js:15419:32)
    at async Module.handler (D:\Web App\Middle-Aliara-Youth-Welfare-Organization\.next\dev\server\chunks\[root-of-the-server]__512bad9e._.js:15472:13)
    at async DevServer.renderToResponseWithComponentsImpl (D:\Web App\Middle-Aliara-Youth-Welfare-Organization\node_modules\next\dist\server\base-server.js:1442:9)
    at async DevServer.renderPageComponent (D:\Web App\Middle-Aliara-Youth-Welfare-Organization\node_modules\next\dist\server\base-server.js:1494:24)
    at async DevServer.renderToResponseImpl (D:\Web App\Middle-Aliara-Youth-Welfare-Organization\node_modules\next\dist\server\base-server.js:1544:32)
    at async DevServer.pipeImpl (D:\Web App\Middle-Aliara-Youth-Welfare-Organization\node_modules\next\dist\server\base-server.js:1038:25)
    at async NextNodeServer.handleCatchallRenderRequest (D:\Web App\Middle-Aliara-Youth-Welfare-Organization\node_modules\next\dist\server\next-server.js:395:17)
    at async DevServer.handleRequestImpl (D:\Web App\Middle-Aliara-Youth-Welfare-Organization\node_modules\next\dist\server\base-server.js:929:17)
    at async D:\Web App\Middle-Aliara-Youth-Welfare-Organization\node_modules\next\dist\server\dev\next-dev-server.js:387:20
    at async Span.traceAsyncFn (D:\Web App\Middle-Aliara-Youth-Welfare-Organization\node_modules\next\dist\trace\trace.js:157:20)
    at async DevServer.handleRequest (D:\Web App\Middle-Aliara-Youth-Welfare-Organization\node_modules\next\dist\server\dev\next-dev-server.js:383:24)
    at async invokeRender (D:\Web App\Middle-Aliara-Youth-Welfare-Organization\node_modules\next\dist\server\lib\router-server.js:248:21)
    at async handleRequest (D:\Web App\Middle-Aliara-Youth-Welfare-Organization\node_modules\next\dist\server\lib\router-server.js:447:24)
    at async requestHandlerImpl (D:\Web App\Middle-Aliara-Youth-Welfare-Organization\node_modules\next\dist\server\lib\router-server.js:496:13)
    at async Server.requestListener (D:\Web App\Middle-Aliara-Youth-Welfare-Organization\node_modules\next\dist\server\lib\start-server.js:226:13)
[2026-02-23T15:20:22.280Z] Body: {"title":"gfgfg","amount":200,"category":"dd","date":"2026-02-23","description":"ddd","numberGiven":2,"amountPerPerson":100,"location":"22"} | Error: TypeError: next is not a function
    at model.<anonymous> (D:\Web App\Middle-Aliara-Youth-Welfare-Organization\.next\dev\server\chunks\[root-of-the-server]__b45f0056._.js:130:5)
    at Kareem.execPre (D:\Web App\Middle-Aliara-Youth-Welfare-Organization\node_modules\kareem\index.js:68:39)
    at process.processTicksAndRejections (node:internal/process/task_queues:105:5)
    at async model.$__save (D:\Web App\Middle-Aliara-Youth-Welfare-Organization\node_modules\mongoose\lib\model.js:371:5)
    at async model.save (D:\Web App\Middle-Aliara-Youth-Welfare-Organization\node_modules\mongoose\lib\model.js:614:5)
    at async D:\Web App\Middle-Aliara-Youth-Welfare-Organization\node_modules\mongoose\lib\model.js:2750:9
    at async Promise.all (index 0)
    at async Function.create (D:\Web App\Middle-Aliara-Youth-Welfare-Organization\node_modules\mongoose\lib\model.js:2735:11)
    at async POST (D:\Web App\Middle-Aliara-Youth-Welfare-Organization\.next\dev\server\chunks\[root-of-the-server]__12af207f._.js:285:25)
    at async AppRouteRouteModule.do (D:\Web App\Middle-Aliara-Youth-Welfare-Organization\node_modules\next\dist\compiled\next-server\app-route-turbo.runtime.dev.js:5:37866)
    at async AppRouteRouteModule.handle (D:\Web App\Middle-Aliara-Youth-Welfare-Organization\node_modules\next\dist\compiled\next-server\app-route-turbo.runtime.dev.js:5:45156)
    at async responseGenerator (D:\Web App\Middle-Aliara-Youth-Welfare-Organization\.next\dev\server\chunks\[root-of-the-server]__512bad9e._.js:15356:38)
    at async AppRouteRouteModule.handleResponse (D:\Web App\Middle-Aliara-Youth-Welfare-Organization\node_modules\next\dist\compiled\next-server\app-route-turbo.runtime.dev.js:1:191938)
    at async handleResponse (D:\Web App\Middle-Aliara-Youth-Welfare-Organization\.next\dev\server\chunks\[root-of-the-server]__512bad9e._.js:15419:32)
    at async Module.handler (D:\Web App\Middle-Aliara-Youth-Welfare-Organization\.next\dev\server\chunks\[root-of-the-server]__512bad9e._.js:15472:13)
    at async DevServer.renderToResponseWithComponentsImpl (D:\Web App\Middle-Aliara-Youth-Welfare-Organization\node_modules\next\dist\server\base-server.js:1442:9)
    at async DevServer.renderPageComponent (D:\Web App\Middle-Aliara-Youth-Welfare-Organization\node_modules\next\dist\server\base-server.js:1494:24)
    at async DevServer.renderToResponseImpl (D:\Web App\Middle-Aliara-Youth-Welfare-Organization\node_modules\next\dist\server\base-server.js:1544:32)
    at async DevServer.pipeImpl (D:\Web App\Middle-Aliara-Youth-Welfare-Organization\node_modules\next\dist\server\base-server.js:1038:25)
    at async NextNodeServer.handleCatchallRenderRequest (D:\Web App\Middle-Aliara-Youth-Welfare-Organization\node_modules\next\dist\server\next-server.js:395:17)
    at async DevServer.handleRequestImpl (D:\Web App\Middle-Aliara-Youth-Welfare-Organization\node_modules\next\dist\server\base-server.js:929:17)
    at async D:\Web App\Middle-Aliara-Youth-Welfare-Organization\node_modules\next\dist\server\dev\next-dev-server.js:387:20
    at async Span.traceAsyncFn (D:\Web App\Middle-Aliara-Youth-Welfare-Organization\node_modules\next\dist\trace\trace.js:157:20)
    at async DevServer.handleRequest (D:\Web App\Middle-Aliara-Youth-Welfare-Organization\node_modules\next\dist\server\dev\next-dev-server.js:383:24)
    at async invokeRender (D:\Web App\Middle-Aliara-Youth-Welfare-Organization\node_modules\next\dist\server\lib\router-server.js:248:21)
    at async handleRequest (D:\Web App\Middle-Aliara-Youth-Welfare-Organization\node_modules\next\dist\server\lib\router-server.js:447:24)
    at async requestHandlerImpl (D:\Web App\Middle-Aliara-Youth-Welfare-Organization\node_modules\next\dist\server\lib\router-server.js:496:13)
    at async Server.requestListener (D:\Web App\Middle-Aliara-Youth-Welfare-Organization\node_modules\next\dist\server\lib\start-server.js:226:13)
[2026-02-23T15:20:40.695Z] Body: {"title":"hhfgh","amount":6,"category":"dfggdf","date":"2026-02-23","description":"dgfdgf","numberGiven":2,"amountPerPerson":3,"location":"44"} | Error: TypeError: next is not a function
    at model.<anonymous> (D:\Web App\Middle-Aliara-Youth-Welfare-Organization\.next\dev\server\chunks\[root-of-the-server]__b45f0056._.js:130:5)
    at Kareem.execPre (D:\Web App\Middle-Aliara-Youth-Welfare-Organization\node_modules\kareem\index.js:68:39)
    at process.processTicksAndRejections (node:internal/process/task_queues:105:5)
    at async model.$__save (D:\Web App\Middle-Aliara-Youth-Welfare-Organization\node_modules\mongoose\lib\model.js:371:5)
    at async model.save (D:\Web App\Middle-Aliara-Youth-Welfare-Organization\node_modules\mongoose\lib\model.js:614:5)
    at async D:\Web App\Middle-Aliara-Youth-Welfare-Organization\node_modules\mongoose\lib\model.js:2750:9
    at async Promise.all (index 0)
    at async Function.create (D:\Web App\Middle-Aliara-Youth-Welfare-Organization\node_modules\mongoose\lib\model.js:2735:11)
    at async POST (D:\Web App\Middle-Aliara-Youth-Welfare-Organization\.next\dev\server\chunks\[root-of-the-server]__12af207f._.js:285:25)
    at async AppRouteRouteModule.do (D:\Web App\Middle-Aliara-Youth-Welfare-Organization\node_modules\next\dist\compiled\next-server\app-route-turbo.runtime.dev.js:5:37866)
    at async AppRouteRouteModule.handle (D:\Web App\Middle-Aliara-Youth-Welfare-Organization\node_modules\next\dist\compiled\next-server\app-route-turbo.runtime.dev.js:5:45156)
    at async responseGenerator (D:\Web App\Middle-Aliara-Youth-Welfare-Organization\.next\dev\server\chunks\[root-of-the-server]__512bad9e._.js:15356:38)
    at async AppRouteRouteModule.handleResponse (D:\Web App\Middle-Aliara-Youth-Welfare-Organization\node_modules\next\dist\compiled\next-server\app-route-turbo.runtime.dev.js:1:191938)
    at async handleResponse (D:\Web App\Middle-Aliara-Youth-Welfare-Organization\.next\dev\server\chunks\[root-of-the-server]__512bad9e._.js:15419:32)
    at async Module.handler (D:\Web App\Middle-Aliara-Youth-Welfare-Organization\.next\dev\server\chunks\[root-of-the-server]__512bad9e._.js:15472:13)
    at async DevServer.renderToResponseWithComponentsImpl (D:\Web App\Middle-Aliara-Youth-Welfare-Organization\node_modules\next\dist\server\base-server.js:1442:9)
    at async DevServer.renderPageComponent (D:\Web App\Middle-Aliara-Youth-Welfare-Organization\node_modules\next\dist\server\base-server.js:1494:24)
    at async DevServer.renderToResponseImpl (D:\Web App\Middle-Aliara-Youth-Welfare-Organization\node_modules\next\dist\server\base-server.js:1544:32)
    at async DevServer.pipeImpl (D:\Web App\Middle-Aliara-Youth-Welfare-Organization\node_modules\next\dist\server\base-server.js:1038:25)
    at async NextNodeServer.handleCatchallRenderRequest (D:\Web App\Middle-Aliara-Youth-Welfare-Organization\node_modules\next\dist\server\next-server.js:395:17)
    at async DevServer.handleRequestImpl (D:\Web App\Middle-Aliara-Youth-Welfare-Organization\node_modules\next\dist\server\base-server.js:929:17)
    at async D:\Web App\Middle-Aliara-Youth-Welfare-Organization\node_modules\next\dist\server\dev\next-dev-server.js:387:20
    at async Span.traceAsyncFn (D:\Web App\Middle-Aliara-Youth-Welfare-Organization\node_modules\next\dist\trace\trace.js:157:20)
    at async DevServer.handleRequest (D:\Web App\Middle-Aliara-Youth-Welfare-Organization\node_modules\next\dist\server\dev\next-dev-server.js:383:24)
    at async invokeRender (D:\Web App\Middle-Aliara-Youth-Welfare-Organization\node_modules\next\dist\server\lib\router-server.js:248:21)
    at async handleRequest (D:\Web App\Middle-Aliara-Youth-Welfare-Organization\node_modules\next\dist\server\lib\router-server.js:447:24)
    at async requestHandlerImpl (D:\Web App\Middle-Aliara-Youth-Welfare-Organization\node_modules\next\dist\server\lib\router-server.js:496:13)
    at async Server.requestListener (D:\Web App\Middle-Aliara-Youth-Welfare-Organization\node_modules\next\dist\server\lib\start-server.js:226:13)
